// Jest Snapshot v1, https://goo.gl/fbAQLP

exports[`Matches snapshot 1`] = `
<DocumentFragment>
  <div
    class="NewBoxForm"
  >
    <form>
      <div>
        <label
          for="width"
        >
          Width: 
        </label>
        <input
          id="width"
          name="width"
          placeholder="100-500"
          type="text"
          value=""
        />
      </div>
      <div>
        <label
          for="height"
        >
          Height: 
        </label>
        <input
          id="height"
          name="height"
          placeholder="100-500"
          type="text"
          value=""
        />
      </div>
      <div>
        <label
          for="color"
        >
          Color: 
        </label>
        <input
          id="color"
          name="color"
          placeholder="blue"
          type="text"
          value=""
        />
      </div>
      <button
        type="submit"
      >
        Create Box
      </button>
    </form>
  </div>
</DocumentFragment>
`;
